Archive member included because of file (symbol)

C:\fehqt\Proteus/EWL/lib/armv7e-m\libc.a(sprintf.o)
                              Libraries\FEHLCD.o (sprintf)
C:\fehqt\Proteus/EWL/lib/armv7e-m\libc.a(vsnprintf.o)
                              C:\fehqt\Proteus/EWL/lib/armv7e-m\libc.a(sprintf.o) (vsnprintf)
C:\fehqt\Proteus/EWL/lib/armv7e-m\libc.a(vsscanf.o)
                              Libraries\FEHSD.o (vsscanf)
C:\fehqt\Proteus/EWL/lib/armv7e-m\libc.a(exit.o)
                              Startup\__arm_start.o (exit)
C:\fehqt\Proteus/EWL/lib/armv7e-m\libc.a(memcpy.o)
                              C:\fehqt\Proteus/EWL/lib/armv7e-m\libc.a(vsnprintf.o) (memcpy)
C:\fehqt\Proteus/EWL/lib/armv7e-m\libc.a(memset.o)
                              Startup\__arm_start.o (memset)
C:\fehqt\Proteus/EWL/lib/armv7e-m\libc.a(strcmp.o)
                              Libraries\FEHLCD.o (strcmp)
C:\fehqt\Proteus/EWL/lib/armv7e-m\libc.a(strcpy.o)
                              Libraries\FEHLCD.o (strcpy)
C:\fehqt\Proteus/EWL/lib/armv7e-m\libc.a(strlen.o)
                              Libraries\FEHLCD.o (strlen)
C:\fehqt\Proteus/EWL/lib/armv7e-m\libc.a(printformat_.o)
                              (__pformatter_)
C:\fehqt\Proteus/EWL/lib/armv7e-m\libc.a(scanformat_.o)
                              (__sformatter)
C:\fehqt\Proteus/EWL/lib/armv7e-m\libc.a(ctype_aeabi.o)
                              C:\fehqt\Proteus/EWL/lib/armv7e-m\libc.a(scanformat_.o) (isspace)
C:\fehqt\Proteus/EWL/lib/armv7e-m\libc.a(__strtoul.o)
                              C:\fehqt\Proteus/EWL/lib/armv7e-m\libc.a(scanformat_.o) (__strtoul)
C:\fehqt\Proteus/EWL/lib/armv7e-m\libc.a(__filll_mem.o)
                              C:\fehqt\Proteus/EWL/lib/armv7e-m\libc.a(memset.o) (__fill_mem)
C:\fehqt\Proteus/EWL/lib/armv7e-m\libc.a(memchr.o)
                              C:\fehqt\Proteus/EWL/lib/armv7e-m\libc.a(printformat_.o) (memchr)
C:\fehqt\Proteus/EWL/lib/armv7e-m\libc.a(strchr.o)
                              C:\fehqt\Proteus/EWL/lib/armv7e-m\libc.a(printformat_.o) (strchr)
c:/fehqt/proteus/gcc/bin/../lib/gcc/arm-none-eabi/4.6.2/armv7e-m\libgcc.a(_arm_addsubdf3.o)
                              Libraries\FEHLCD.o (__aeabi_dsub)
c:/fehqt/proteus/gcc/bin/../lib/gcc/arm-none-eabi/4.6.2/armv7e-m\libgcc.a(_arm_muldivdf3.o)
                              ..\main.o (__aeabi_dmul)
c:/fehqt/proteus/gcc/bin/../lib/gcc/arm-none-eabi/4.6.2/armv7e-m\libgcc.a(_arm_cmpdf2.o)
                              Drivers\ff.o (__aeabi_dcmplt)
c:/fehqt/proteus/gcc/bin/../lib/gcc/arm-none-eabi/4.6.2/armv7e-m\libgcc.a(_arm_fixdfsi.o)
                              ..\main.o (__aeabi_d2iz)
c:/fehqt/proteus/gcc/bin/../lib/gcc/arm-none-eabi/4.6.2/armv7e-m\libgcc.a(_arm_fixunsdfsi.o)
                              Libraries\FEHUtility.o (__aeabi_d2uiz)
c:/fehqt/proteus/gcc/bin/../lib/gcc/arm-none-eabi/4.6.2/armv7e-m\libgcc.a(_arm_truncdfsf2.o)
                              ..\main.o (__aeabi_d2f)
c:/fehqt/proteus/gcc/bin/../lib/gcc/arm-none-eabi/4.6.2/armv7e-m\libgcc.a(_arm_addsubsf3.o)
                              ..\main.o (__aeabi_fsub)
c:/fehqt/proteus/gcc/bin/../lib/gcc/arm-none-eabi/4.6.2/armv7e-m\libgcc.a(_arm_muldivsf3.o)
                              Drivers\mcg.o (__aeabi_fmul)
c:/fehqt/proteus/gcc/bin/../lib/gcc/arm-none-eabi/4.6.2/armv7e-m\libgcc.a(_arm_cmpsf2.o)
                              Libraries\FEHServo.o (__aeabi_fcmpeq)
c:/fehqt/proteus/gcc/bin/../lib/gcc/arm-none-eabi/4.6.2/armv7e-m\libgcc.a(_arm_fixsfsi.o)
                              Libraries\FEHLCD.o (__aeabi_f2iz)
c:/fehqt/proteus/gcc/bin/../lib/gcc/arm-none-eabi/4.6.2/armv7e-m\libgcc.a(_arm_fixunssfsi.o)
                              Drivers\mcg.o (__aeabi_f2uiz)
C:\fehqt\Proteus/EWL/lib/armv7e-m\librt.a(gcc_ctor_dtor.o)
                              Startup\__arm_start.o (__init_cpp)
C:\fehqt\Proteus/EWL/lib/armv7e-m\librt.a(ROMCopy.o)
                              Startup\__arm_start.o (__copy_rom_sections_to_ram)
C:\fehqt\Proteus/EWL/lib/armv7e-m\librt.a(__arm_eabi_init.o)
                              C:\fehqt\Proteus/EWL/lib/armv7e-m\libc.a(exit.o) (__destroy_global_chain)
C:\fehqt\Proteus/EWL/lib/armv7e-m\librt.a(New.o)
                              Libraries\FEHIO.o (operator new(unsigned int))
c:/fehqt/proteus/gcc/bin/../lib/gcc/arm-none-eabi/4.6.2/../../../../arm-none-eabi/lib/armv7e-m\libsupc++.a(class_type_info.o)
                              C:\fehqt\Proteus/EWL/lib/armv7e-m\librt.a(New.o) (vtable for __cxxabiv1::__class_type_info)
c:/fehqt/proteus/gcc/bin/../lib/gcc/arm-none-eabi/4.6.2/../../../../arm-none-eabi/lib/armv7e-m\libsupc++.a(eh_alloc.o)
                              C:\fehqt\Proteus/EWL/lib/armv7e-m\librt.a(New.o) (__cxa_allocate_exception)
c:/fehqt/proteus/gcc/bin/../lib/gcc/arm-none-eabi/4.6.2/../../../../arm-none-eabi/lib/armv7e-m\libsupc++.a(eh_arm.o)
                              C:\fehqt\Proteus/EWL/lib/armv7e-m\librt.a(New.o) (__cxa_end_cleanup)
[...]
Memory Configuration

Name             Origin             Length             Attributes
m_interrupts     0x0000c000         0x00000400         xr
m_cfmprotrom     0x0000c400         0x00000010         xr
m_text           0x0000c410         0x00073bf0         xr
m_data           0x1fff0400         0x0000fc00         xrw
m_data2          0x20000000         0x00010000         xrw
*default*        0x00000000         0xffffffff

Linker script and memory map

LOAD ..\main.o
LOAD Startup\__arm_start.o
LOAD Startup\__arm_end.o
LOAD Startup\kinetis_sysinit.o
LOAD Libraries\FEHMotor.o
LOAD Drivers\mcg.o
LOAD Drivers\i2c.o
LOAD Drivers\spi.o
LOAD Drivers\uart.o
LOAD Drivers\ff.o
LOAD Drivers\SDHC.o
LOAD Drivers\lptmr.o
LOAD FEHProteus.o
LOAD Drivers\FEHPropeller.o
LOAD Libraries\FEHUtility.o
LOAD Libraries\FEHIO.o
LOAD Drivers\adc16.o
LOAD Libraries\FEHBuzzer.o
LOAD Libraries\FEHServo.o
LOAD Libraries\FEHLCD.o
LOAD Libraries\FEHAccel.o
LOAD Libraries\FEHBattery.o
LOAD Drivers\FEHXBee.o
LOAD Libraries\FEHRPS.o
LOAD Libraries\FEHSD.o
                0x00013260                __pformatter = __pformatter_
                [0x00013658]                __sformatter = __sformatter
LOAD C:\fehqt\Proteus/EWL/lib/armv7e-m\libstdc++.a
LOAD C:\fehqt\Proteus/EWL/lib/armv7e-m\libm.a
START GROUP
LOAD C:\fehqt\Proteus/EWL/lib/armv7e-m\libc.a
LOAD C:\fehqt\Proteus/EWL/lib/armv7e-m\libc++.a
LOAD C:\fehqt\Proteus/EWL/lib/armv7e-m\libm.a
LOAD c:/fehqt/proteus/gcc/bin/../lib/gcc/arm-none-eabi/4.6.2/armv7e-m\libgcc.a
LOAD C:\fehqt\Proteus/EWL/lib/armv7e-m\librt.a
LOAD c:/fehqt/proteus/gcc/bin/../lib/gcc/arm-none-eabi/4.6.2/../../../../arm-none-eabi/lib/armv7e-m\libsupc++.a
END GROUP
                0x20000000                _estack = 0x20000000
                0x20000000                __SP_INIT = _estack
                0x00000800                __heap_size = 0x800
                0x00000800                __stack_size = 0x800

.interrupts     0x0000c000      0x1e0
                0x0000c000                __vector_table = .
                0x0000c000                . = ALIGN (0x4)
 *(.vectortable)
 .vectortable   0x0000c000      0x1e0 Startup\kinetis_sysinit.o
                0x0000c1e0                . = ALIGN (0x4)

.cfmprotect     0x0000c400        0x0
                0x0000c400                . = ALIGN (0x4)
 *(.cfmconfig)
                0x0000c400                . = ALIGN (0x4)

.text           0x0000c410     0x81a0
                0x0000c410                . = ALIGN (0x4)
 *(.text)
 .text          0x0000c410      0x370 c:/fehqt/proteus/gcc/bin/../lib/gcc/arm-none-eabi/4.6.2/armv7e-m\libgcc.a(_arm_addsubdf3.o)
                0x0000c410                __aeabi_drsub
                0x0000c418                __aeabi_dsub
                0x0000c418                __subdf3
                0x0000c41c                __aeabi_dadd
                0x0000c41c                __adddf3
                0x0000c694                __floatunsidf
                0x0000c694                __aeabi_ui2d
                0x0000c6b4                __floatsidf
                0x0000c6b4                __aeabi_i2d
                0x0000c6d8                __aeabi_f2d
                0x0000c6d8                __extendsfdf2
                0x0000c714                __floatundidf
                0x0000c714                __aeabi_ul2d
                0x0000c724                __floatdidf
                0x0000c724                __aeabi_l2d
 .text          0x0000c780      0x424 c:/fehqt/proteus/gcc/bin/../lib/gcc/arm-none-eabi/4.6.2/armv7e-m\libgcc.a(_arm_muldivdf3.o)
                0x0000c780                __aeabi_dmul
                0x0000c780                __muldf3
                0x0000c9d4                __divdf3
                0x0000c9d4                __aeabi_ddiv
 .text          0x0000cba4       0x40 c:/fehqt/proteus/gcc/bin/../lib/gcc/arm-none-eabi/4.6.2/armv7e-m\libgcc.a(_arm_fixunsdfsi.o)
                0x0000cba4                __aeabi_d2uiz
                0x0000cba4                __fixunsdfsi
 .text          0x0000cbe4       0xa0 c:/fehqt/proteus/gcc/bin/../lib/gcc/arm-none-eabi/4.6.2/armv7e-m\libgcc.a(_arm_truncdfsf2.o)
                0x0000cbe4                __truncdfsf2
                0x0000cbe4                __aeabi_d2f
 .text          0x0000cc84      0x21c c:/fehqt/proteus/gcc/bin/../lib/gcc/arm-none-eabi/4.6.2/armv7e-m\libgcc.a(_arm_addsubsf3.o)
                0x0000cc84                __aeabi_frsub
                0x0000cc8c                __subsf3
                0x0000cc8c                __aeabi_fsub
                0x0000cc90                __aeabi_fadd
                0x0000cc90                __addsf3
                0x0000cdf0                __aeabi_ui2f
                0x0000cdf0                __floatunsisf
                0x0000cdf8                __aeabi_i2f
                0x0000cdf8                __floatsisf
                0x0000ce14                __aeabi_ul2f
                0x0000ce14                __floatundisf
                0x0000ce24                __aeabi_l2f
                0x0000ce24                __floatdisf
 .text          0x0000cea0      0x2a0 c:/fehqt/proteus/gcc/bin/../lib/gcc/arm-none-eabi/4.6.2/armv7e-m\libgcc.a(_arm_muldivsf3.o)
                0x0000cea0                __mulsf3
                0x0000cea0                __aeabi_fmul
                0x0000d008                __aeabi_fdiv
                0x0000d008                __divsf3
 .text          0x0000d140       0xec c:/fehqt/proteus/gcc/bin/../lib/gcc/arm-none-eabi/4.6.2/armv7e-m\libgcc.a(_arm_cmpsf2.o)
                0x0000d140                __gesf2
                0x0000d140                __gtsf2
                0x0000d148                __lesf2
                0x0000d148                __ltsf2
                0x0000d150                __nesf2
                0x0000d150                __eqsf2
                0x0000d150                __cmpsf2
                0x0000d1b0                __aeabi_cfrcmple
                0x0000d1b8                __aeabi_cfcmpeq
                0x0000d1b8                __aeabi_cfcmple
                0x0000d1c8                __aeabi_fcmpeq
                0x0000d1dc                __aeabi_fcmplt
                0x0000d1f0                __aeabi_fcmple
                0x0000d204                __aeabi_fcmpge
                0x0000d218                __aeabi_fcmpgt
 *(.text*)
 .text.main     0x0000d22c       0x4c ..\main.o
                0x0000d22c                main
 .text._Z41__static_initialization_and_destruction_0ii
                0x0000d278       0x9c ..\main.o
 .text._GLOBAL__sub_I_redThresh
                0x0000d314       0x14 ..\main.o
 .text.zero_fill_bss
                0x0000d328       0x34 Startup\__arm_start.o
 .text.__thumb_startup
                0x0000d35c       0x34 Startup\__arm_start.o
                0x0000d35c                __thumb_startup
 .text.InitFEHProteus
                0x0000d390      0x15c Startup\__arm_start.o
                0x0000d390                InitFEHProteus
 .text.pll_init_bl
                0x0000d4ec      0x130 Startup\__arm_start.o
 .text.InitPowerButton
                0x0000d61c       0x90 Startup\__arm_start.o
                0x0000d61c                InitPowerButton
 .text._ExitProcess
                0x0000d6ac        0xc Startup\__arm_end.o
                0x0000d6ac                _ExitProcess
 .text.Default_Handler
                0x0000d6b8        0xc Startup\kinetis_sysinit.o
                0x0000d6b8                BusFault_Handler()
                0x0000d6b8                HardFault_Handler()
                0x0000d6b8                SysTick_Handler()
                0x0000d6b8                PendSV_Handler()
                0x0000d6b8                DebugMonitor_Handler()
                0x0000d6b8                MemManage_Handler()
                0x0000d6b8                NMI_Handler()
                0x0000d6b8                SVC_Handler()
                0x0000d6b8                Default_Handler
                0x0000d6b8                UsageFault_Handler()
 .text.__init_hardware
                0x0000d6c4       0x44 Startup\kinetis_sysinit.o
                0x0000d6c4                __init_hardware
 .text._Z8PortDISRv
                0x0000d708       0x64 Startup\kinetis_sysinit.o
                0x0000d708                PortDISR()
 *fill*         0x0000d76c        0x4 00
 .text._ZN8FEHMotorC2ENS_12FEHMotorPortEf
                0x0000d770       0xb0 Libraries\FEHMotor.o
                0x0000d770                FEHMotor::FEHMotor(FEHMotor::FEHMotorPort, float)
                0x0000d770                FEHMotor::FEHMotor(FEHMotor::FEHMotorPort, float)
 .text._Z21IIC_StartTransmissionhh
                0x0000d820       0x98 Drivers\i2c.o
                0x0000d820                IIC_StartTransmission(unsigned char, unsigned char)
 .text._Z5Pausev
                0x0000d8b8       0x34 Drivers\i2c.o
                0x0000d8b8                Pause()
 .text._Z21MMA8451QWriteRegisterhh
                0x0000d8ec      0x12c Drivers\i2c.o
                0x0000d8ec                MMA8451QWriteRegister(unsigned char, unsigned char)
 .text._Z12SPI_SendCharh
                0x0000da18       0x1c Drivers\spi.o
                0x0000da18                SPI_SendChar(unsigned char)
 .text._Z16SPI_WriteCommandhh
                0x0000da34       0x34 Drivers\spi.o
                0x0000da34                SPI_WriteCommand(unsigned char, unsigned char)
 .text._Z13SPI_CS_Assertv
                0x0000da68       0x24 Drivers\spi.o
                0x0000da68                SPI_CS_Assert()
 .text._Z15SPI_CS_Deassertv
                0x0000da8c       0x24 Drivers\spi.o
                0x0000da8c                SPI_CS_Deassert()
 .text._Z12SPI_Transferh
                0x0000dab0       0x88 Drivers\spi.o
                0x0000dab0                SPI_Transfer(unsigned char)
 .text._Z8SPI_Initv
                0x0000db38       0xe8 Drivers\spi.o
                0x0000db38                SPI_Init()
 .text._Z9uart_initPV11UART_MemMapii
                0x0000dc20      0x20c Drivers\uart.o
                0x0000dc20                uart_init(UART_MemMap volatile*, int, int)
 .text._Z12uart_getcharPV11UART_MemMap
                0x0000de2c       0x34 Drivers\uart.o
                0x0000de2c                uart_getchar(UART_MemMap volatile*)
 .text._Z12uart_putcharPV11UART_MemMapc
                0x0000de60       0x38 Drivers\uart.o
                0x0000de60                uart_putchar(UART_MemMap volatile*, char)
 .text._ZL7mem_setPvij
                0x0000de98       0x44 Drivers\ff.o
 .text._ZL11move_windowP5FATFSm
                0x0000dedc       0xf0 Drivers\ff.o
 .text._ZL4syncP5FATFS
                0x0000dfcc      0x188 Drivers\ff.o
 .text._ZL8validateP5FATFSt
                0x0000e154       0x54 Drivers\ff.o
 .text._Z6f_syncP3FIL
                0x0000e1a8      0x1c0 Drivers\ff.o
                0x0000e1a8                f_sync(FIL*)
 .text._Z7f_closeP3FIL
                0x0000e368       0x2c Drivers\ff.o
                0x0000e368                f_close(FIL*)
 .text._ZL17SDHC_set_baudratemm
                0x0000e394      0x14c Drivers\SDHC.o
 .text._Z9SDHC_initP17esdhc_info_structPK17esdhc_init_struct
                0x0000e4e0      0x1c4 Drivers\SDHC.o
                0x0000e4e0                SDHC_init(esdhc_info_struct*, esdhc_init_struct const*)
 .text._ZL15SDHC_is_runningv
                0x0000e6a4       0x28 Drivers\SDHC.o
 .text._ZL16SDHC_status_waitm
                0x0000e6cc       0x38 Drivers\SDHC.o
 .text._ZL17SDHC_send_commandP20esdhc_command_struct
                0x0000e704      0x2a0 Drivers\SDHC.o
 .text._Z10SDHC_ioctlmPv
                0x0000e9a4      0x978 Drivers\SDHC.o
                0x0000e9a4                SDHC_ioctl(unsigned long, void*)
 .text._ZL14rcvr_datablockPhm
                0x0000f31c      0x134 Drivers\SDHC.o
 .text._Z9disk_readhPhmh
                0x0000f450      0x13c Drivers\SDHC.o
                0x0000f450                disk_read(unsigned char, unsigned char*, unsigned long, unsigned char)
 .text._ZL14xmit_datablockPKhm
                0x0000f58c       0xe0 Drivers\SDHC.o
 .text._Z10disk_writehPKhmh
                0x0000f66c      0x1cc Drivers\SDHC.o
                0x0000f66c                disk_write(unsigned char, unsigned char const*, unsigned long, unsigned char)
 .text._Z10disk_ioctlhhPv
                0x0000f838      0x128 Drivers\SDHC.o
                0x0000f838                disk_ioctl(unsigned char, unsigned char, void*)
 .text._Z11disk_statush
                0x0000f960       0x30 Drivers\SDHC.o
                0x0000f960                disk_status(unsigned char)
 .text._Z13time_delay_msm
                0x0000f990       0xa4 Drivers\lptmr.o
                0x0000f990                time_delay_ms(unsigned long)
 .text._Z41__static_initialization_and_destruction_0ii
                0x0000fa34       0x30 FEHProteus.o
 .text._GLOBAL__sub_I_Propeller
                0x0000fa64       0x14 FEHProteus.o
 .text._ZN12FEHPropellerC2Ev
                0x0000fa78       0x20 Drivers\FEHPropeller.o
                0x0000fa78                FEHPropeller::FEHPropeller()
                0x0000fa78                FEHPropeller::FEHPropeller()
 .text._ZN12FEHPropeller10InitializeEv
                0x0000fa98       0x94 Drivers\FEHPropeller.o
                0x0000fa98                FEHPropeller::Initialize()
 .text._ZL5Delaymjj
                0x0000fb2c       0xc4 Libraries\FEHUtility.o
 .text._Z5Sleepi
                0x0000fbf0       0x34 Libraries\FEHUtility.o
                0x0000fbf0                Sleep(int)
 *fill*         0x0000fc24        0x4 00
 .text._Z5Sleepd
                0x0000fc28       0x58 Libraries\FEHUtility.o
                0x0000fc28                Sleep(double)
 .text._ZN14DigitalEncoderC2EN5FEHIO8FEHIOPinE
                0x0000fc80       0x2c Libraries\FEHIO.o
                0x0000fc80                DigitalEncoder::DigitalEncoder(FEHIO::FEHIOPin)
                0x0000fc80                DigitalEncoder::DigitalEncoder(FEHIO::FEHIOPin)
 .text._Z10enable_irqi
                0x0000fcac      0x1cc Libraries\FEHIO.o
                0x0000fcac                enable_irq(int)
 .text._ZN14DigitalEncoder10InitializeEN5FEHIO8FEHIOPinENS0_21FEHIOInterruptTriggerE
                0x0000fe78      0x224 Libraries\FEHIO.o
                0x0000fe78                DigitalEncoder::Initialize(FEHIO::FEHIOPin, FEHIO::FEHIOInterruptTrigger)
 .text._Z9portB_isrv
                0x0001009c       0xd4 Libraries\FEHIO.o
                0x0001009c                portB_isr()
 .text._Z9portC_isrv
                0x00010170       0xd8 Libraries\FEHIO.o
                0x00010170                portC_isr()
 .text._Z9portA_isrv
                0x00010248       0xd8 Libraries\FEHIO.o
                0x00010248                portA_isr()
 .text._Z9portE_isrv
                0x00010320       0xd0 Libraries\FEHIO.o
                0x00010320                portE_isr()
 .text._ZN14AnalogInputPinC2EN5FEHIO8FEHIOPinE
                0x000103f0       0x20 Libraries\FEHIO.o
                0x000103f0                AnalogInputPin::AnalogInputPin(FEHIO::FEHIOPin)
                0x000103f0                AnalogInputPin::AnalogInputPin(FEHIO::FEHIOPin)
 .text._ZN13AnalogEncoder12EncoderValueEv
                0x00010410       0xe4 Libraries\FEHIO.o
                0x00010410                AnalogEncoder::EncoderValue()
 .text._ZN14AnalogInputPin8InitADCsEv
                0x000104f4      0x120 Libraries\FEHIO.o
                0x000104f4                AnalogInputPin::InitADCs()
 .text._Z8pit0_isrv
                0x00010614       0x34 Libraries\FEHIO.o
                0x00010614                pit0_isr()
 .text._ZN13AnalogEncoder4InitEv
                0x00010648       0x64 Libraries\FEHIO.o
                0x00010648                AnalogEncoder::Init()
 .text._ZN13AnalogEncoder14SetCounterInitEj
                0x000106ac       0x20 Libraries\FEHIO.o
                0x000106ac                AnalogEncoder::SetCounterInit(unsigned int)
 .text._ZN13AnalogEncoder10ProcessIntEv
                0x000106cc       0x80 Libraries\FEHIO.o
                0x000106cc                AnalogEncoder::ProcessInt()
 .text._ZN13AnalogEncoder14ProcessIntSelfEv
                0x0001074c       0x80 Libraries\FEHIO.o
                0x0001074c                AnalogEncoder::ProcessIntSelf()
 .text._Z7ADC_CalPV10ADC_MemMap
                0x000107cc      0x14c Drivers\adc16.o
                0x000107cc                ADC_Cal(ADC_MemMap volatile*)
 .text._Z14ADC_Config_AltPV10ADC_MemMapP7adc_cfg
                0x00010918       0x6c Drivers\adc16.o
                0x00010918                ADC_Config_Alt(ADC_MemMap volatile*, adc_cfg*)
 .text._ZN9FEHBuzzerC2Ev
                0x00010984       0x18 Libraries\FEHBuzzer.o
                0x00010984                FEHBuzzer::FEHBuzzer()
                0x00010984                FEHBuzzer::FEHBuzzer()
 .text._Z41__static_initialization_and_destruction_0ii
                0x0001099c       0x30 Libraries\FEHBuzzer.o
 .text._GLOBAL__sub_I_Buzzer
                0x000109cc       0x14 Libraries\FEHBuzzer.o
 .text._ZN8FEHServoC2ENS_12FEHServoPortE
                0x000109e0       0x3c Libraries\FEHServo.o
                0x000109e0                FEHServo::FEHServo(FEHServo::FEHServoPort)
                0x000109e0                FEHServo::FEHServo(FEHServo::FEHServoPort)
 .text._ZN8FEHServo6SetMinEi
                0x00010a1c       0x3c Libraries\FEHServo.o
                0x00010a1c                FEHServo::SetMin(int)
 .text._ZN8FEHServo6SetMaxEi
                0x00010a58       0x3c Libraries\FEHServo.o
                0x00010a58                FEHServo::SetMax(int)
 *fill*         0x00010a94        0x4 00
 .text._ZN8FEHServo9SetDegreeEf
                0x00010a98      0x148 Libraries\FEHServo.o
                0x00010a98                FEHServo::SetDegree(float)
 .text._ZN6FEHLCD11_InitializeEv
                0x00010be0      0x5dc Libraries\FEHLCD.o
                0x00010be0                FEHLCD::_Initialize()
 .text._ZN6FEHLCDC2Ev
                0x000111bc       0x64 Libraries\FEHLCD.o
                0x000111bc                FEHLCD::FEHLCD()
                0x000111bc                FEHLCD::FEHLCD()
 .text._ZN6FEHLCD10InitializeEv
                0x00011220       0x38 Libraries\FEHLCD.o
                0x00011220                FEHLCD::Initialize()
 .text._ZN6FEHLCD10PrintImageEii
                0x00011258      0x100 Libraries\FEHLCD.o
                0x00011258                FEHLCD::PrintImage(int, int)
 .text._ZN6FEHLCD9PrintLogoEii
                0x00011358      0x100 Libraries\FEHLCD.o
                0x00011358                FEHLCD::PrintLogo(int, int)
 .text._ZN6FEHLCD22ConvertFEHColorTo24BitENS_11FEHLCDColorE
                0x00011458       0x80 Libraries\FEHLCD.o
                0x00011458                FEHLCD::ConvertFEHColorTo24Bit(FEHLCD::FEHLCDColor)
 .text._ZN6FEHLCD24Convert24BitColorTo16BitEj
                0x000114d8       0x40 Libraries\FEHLCD.o
                0x000114d8                FEHLCD::Convert24BitColorTo16Bit(unsigned int)
 .text._ZN6FEHLCD22ConvertRGBColorTo16BitEhhh
                0x00011518       0x44 Libraries\FEHLCD.o
                0x00011518                FEHLCD::ConvertRGBColorTo16Bit(unsigned char, unsigned char, unsigned char)
 .text._ZN6FEHLCD5ClearENS_11FEHLCDColorE
                0x0001155c       0x28 Libraries\FEHLCD.o
                0x0001155c                FEHLCD::Clear(FEHLCD::FEHLCDColor)
 .text._ZN6FEHLCD5ClearEj
                0x00011584       0x2c Libraries\FEHLCD.o
                0x00011584                FEHLCD::Clear(unsigned int)
 .text._ZN6FEHLCD18SetBackgroundColorENS_11FEHLCDColorE
                0x000115b0       0x28 Libraries\FEHLCD.o
                0x000115b0                FEHLCD::SetBackgroundColor(FEHLCD::FEHLCDColor)
 .text._ZN6FEHLCD18SetBackgroundColorEj
                0x000115d8       0x28 Libraries\FEHLCD.o
                0x000115d8                FEHLCD::SetBackgroundColor(unsigned int)
 .text._ZN6FEHLCD12SetFontColorENS_11FEHLCDColorE
                0x00011600       0x28 Libraries\FEHLCD.o
                0x00011600                FEHLCD::SetFontColor(FEHLCD::FEHLCDColor)
 .text._ZN6FEHLCD12SetFontColorEj
                0x00011628       0x28 Libraries\FEHLCD.o
                0x00011628                FEHLCD::SetFontColor(unsigned int)
 .text._ZN6FEHLCD7WriteAtEPKcii
                0x00011650       0x58 Libraries\FEHLCD.o
                0x00011650                FEHLCD::WriteAt(char const*, int, int)
 .text._ZN6FEHLCD11TS_SPI_InitEv
                0x000116a8       0xa8 Libraries\FEHLCD.o
                0x000116a8                FEHLCD::TS_SPI_Init()
 .text._ZN6FEHLCD10WriteIndexEh
                0x00011750      0x288 Libraries\FEHLCD.o
                0x00011750                FEHLCD::WriteIndex(unsigned char)
 .text._ZN6FEHLCD14WriteParameterEh
                0x000119d8      0x254 Libraries\FEHLCD.o
                0x000119d8                FEHLCD::WriteParameter(unsigned char)
 .text._ZN6FEHLCD6_ClearEv
                0x00011c2c      0x228 Libraries\FEHLCD.o
                0x00011c2c                FEHLCD::_Clear()
 .text._ZN6FEHLCD8NextLineEv
                0x00011e54       0x30 Libraries\FEHLCD.o
                0x00011e54                FEHLCD::NextLine()
 .text._ZN6FEHLCD9CheckLineEv
                0x00011e84       0x2c Libraries\FEHLCD.o
                0x00011e84                FEHLCD::CheckLine()
 .text._ZN6FEHLCD13SetDrawRegionEiiii
                0x00011eb0      0x10c Libraries\FEHLCD.o
                0x00011eb0                FEHLCD::SetDrawRegion(int, int, int, int)
 .text._ZN6FEHLCD11WriteCharAtEiic
                0x00011fbc      0x278 Libraries\FEHLCD.o
                0x00011fbc                FEHLCD::WriteCharAt(int, int, char)
 .text._ZN6FEHLCD11RepeatColorEv
                0x00012234       0xbc Libraries\FEHLCD.o
                0x00012234                FEHLCD::RepeatColor()
 .text._ZN6FEHLCD10_ForePixelEv
                0x000122f0      0x160 Libraries\FEHLCD.o
                0x000122f0                FEHLCD::_ForePixel()
 .text._ZN6FEHLCD10_BackPixelEv
                0x00012450      0x160 Libraries\FEHLCD.o
                0x00012450                FEHLCD::_BackPixel()
 .text._ZN6FEHLCD22SetRegisterColorValuesEv
                0x000125b0      0x4c0 Libraries\FEHLCD.o
                0x000125b0                FEHLCD::SetRegisterColorValues()
 .text._Z41__static_initialization_and_destruction_0ii
                0x00012a70       0x30 Libraries\FEHLCD.o
 .text._GLOBAL__sub_I_image
                0x00012aa0       0x14 Libraries\FEHLCD.o
 .text._ZN8FEHAccelC2Ev
                0x00012ab4       0x8c Libraries\FEHAccel.o
                0x00012ab4                FEHAccel::FEHAccel()
                0x00012ab4                FEHAccel::FEHAccel()
 .text._Z41__static_initialization_and_destruction_0ii
                0x00012b40       0x30 Libraries\FEHAccel.o
 .text._GLOBAL__sub_I_Accel
                0x00012b70       0x14 Libraries\FEHAccel.o
 .text._ZN10FEHBatteryC2EN5FEHIO8FEHIOPinE
                0x00012b84       0x24 Libraries\FEHBattery.o
                0x00012b84                FEHBattery::FEHBattery(FEHIO::FEHIOPin)
                0x00012b84                FEHBattery::FEHBattery(FEHIO::FEHIOPin)
 .text._Z41__static_initialization_and_destruction_0ii
                0x00012ba8       0x34 Libraries\FEHBattery.o
 .text._GLOBAL__sub_I_Battery
                0x00012bdc       0x14 Libraries\FEHBattery.o
 .text._ZN7FEHXBeeC2Ev
                0x00012bf0       0x20 Drivers\FEHXBee.o
                0x00012bf0                FEHXBee::FEHXBee()
                0x00012bf0                FEHXBee::FEHXBee()
 .text._ZN7FEHXBee17SetPacketCallBackEPFvPhhE
                0x00012c10       0x20 Drivers\FEHXBee.o
                0x00012c10                FEHXBee::SetPacketCallBack(void (*)(unsigned char*, unsigned char))
 .text._Z9UART0_ISRv
                0x00012c30      0x174 Drivers\FEHXBee.o
                0x00012c30                UART0_ISR()
 .text._ZN6FEHRPSC2Ev
                0x00012da4       0x88 Libraries\FEHRPS.o
                0x00012da4                FEHRPS::FEHRPS()
                0x00012da4                FEHRPS::FEHRPS()
 .text._Z14RPSDataProcessPhh
                0x00012e2c      0x164 Libraries\FEHRPS.o
                0x00012e2c                RPSDataProcess(unsigned char*, unsigned char)
 .text._Z41__static_initialization_and_destruction_0ii
                0x00012f90       0x30 Libraries\FEHRPS.o
 .text._GLOBAL__sub_I_RPS
                0x00012fc0       0x14 Libraries\FEHRPS.o
 .text._ZN5FEHSDC2Ev
                0x00012fd4       0x24 Libraries\FEHSD.o
                0x00012fd4                FEHSD::FEHSD()
                0x00012fd4                FEHSD::FEHSD()
 .text._ZN5FEHSD8CloseLogEv
                0x00012ff8       0x38 Libraries\FEHSD.o
                0x00012ff8                FEHSD::CloseLog()
 .text._Z41__static_initialization_and_destruction_0ii
                0x00013030       0x30 Libraries\FEHSD.o
 .text._GLOBAL__sub_I_SD
                0x00013060       0x14 Libraries\FEHSD.o
 .text.exit     0x00013074       0x38 C:\fehqt\Proteus/EWL/lib/armv7e-m\libc.a(exit.o)
                0x00013074                exit
 .text.memset   0x000130ac        0xc C:\fehqt\Proteus/EWL/lib/armv7e-m\libc.a(memset.o)
                0x000130ac                memset
 .text.strlen   0x000130b8       0x10 C:\fehqt\Proteus/EWL/lib/armv7e-m\libc.a(strlen.o)
                0x000130b8                strlen
 .text.long2str.isra.0
                0x000130c8      0x196 C:\fehqt\Proteus/EWL/lib/armv7e-m\libc.a(printformat_.o)
 *fill*         0x0001325e        0x2 00
 .text.__pformatter_
                0x00013260      0x3f8 C:\fehqt\Proteus/EWL/lib/armv7e-m\libc.a(printformat_.o)
                0x00013260                __pformatter_
 .text.__sformatter
                0x00013658      0x74e C:\fehqt\Proteus/EWL/lib/armv7e-m\libc.a(scanformat_.o)
                0x00013658                __sformatter
 *fill*         0x00013da6        0x2 00
 .text.isalpha  0x00013da8       0x1c C:\fehqt\Proteus/EWL/lib/armv7e-m\libc.a(ctype_aeabi.o)
                0x00013da8                isalpha
 .text.isspace  0x00013dc4       0x1c C:\fehqt\Proteus/EWL/lib/armv7e-m\libc.a(ctype_aeabi.o)
                0x00013dc4                isspace
 .text.toupper  0x00013de0        0xc C:\fehqt\Proteus/EWL/lib/armv7e-m\libc.a(ctype_aeabi.o)
                0x00013de0                toupper
 .text.__strtoul
                0x00013dec      0x1dc C:\fehqt\Proteus/EWL/lib/armv7e-m\libc.a(__strtoul.o)
                0x00013dec                __strtoul
 .text.__fill_mem
                0x00013fc8       0x76 C:\fehqt\Proteus/EWL/lib/armv7e-m\libc.a(__filll_mem.o)
                0x00013fc8                __fill_mem
 .text.memchr   0x0001403e       0x1a C:\fehqt\Proteus/EWL/lib/armv7e-m\libc.a(memchr.o)
                0x0001403e                memchr
 .text.strchr   0x00014058       0x1c C:\fehqt\Proteus/EWL/lib/armv7e-m\libc.a(strchr.o)
                0x00014058                strchr
 .text.__init_cpp
                0x00014074       0x4c C:\fehqt\Proteus/EWL/lib/armv7e-m\librt.a(gcc_ctor_dtor.o)
                0x00014074                __init_cpp
 .text.__fini_cpp
                0x000140c0       0x34 C:\fehqt\Proteus/EWL/lib/armv7e-m\librt.a(gcc_ctor_dtor.o)
                0x000140c0                __fini_cpp
 .text.__copy_rom_section
                0x000140f4       0x44 C:\fehqt\Proteus/EWL/lib/armv7e-m\librt.a(ROMCopy.o)
                0x000140f4                __copy_rom_section
 .text.__copy_rom_sections_to_ram
                0x00014138       0x34 C:\fehqt\Proteus/EWL/lib/armv7e-m\librt.a(ROMCopy.o)
                0x00014138                __copy_rom_sections_to_ram
 .text.__destroy_global_chain
                0x0001416c       0x1c C:\fehqt\Proteus/EWL/lib/armv7e-m\librt.a(__arm_eabi_init.o)
                0x0001416c                __destroy_global_chain
 .text.__init_registers
                0x00014188       0x20 C:\fehqt\Proteus/EWL/lib/armv7e-m\librt.a(__arm_eabi_init.o)
                0x00014188                __init_registers
 .text.__init_user
                0x000141a8        0x4 C:\fehqt\Proteus/EWL/lib/armv7e-m\librt.a(__arm_eabi_init.o)
                0x000141a8                __init_user
 *(.rodata)
 .rodata        0x000141ac       0x78 Libraries\FEHIO.o
 .rodata        0x00014224       0x34 Libraries\FEHLCD.o
 *(.rodata*)
 .rodata.K60_SDHC0_init
                0x00014258        0xc Drivers\SDHC.o
                0x00014258                K60_SDHC0_init
 .rodata._ZL21ESDHC_COMMAND_XFERTYP
                0x00014264      0x100 Drivers\SDHC.o
 .rodata._ZL9GPIOPorts
                0x00014364       0x20 Libraries\FEHIO.o
 .rodata._ZL10ADCNumbers
                0x00014384       0x24 Libraries\FEHIO.o
 .rodata._ZL14GPIOPinNumbers
                0x000143a8       0x80 Libraries\FEHIO.o
 .rodata._ZL16AnalogPinNumbers
                0x00014428       0x84 Libraries\FEHIO.o
 .rodata.str1.1
                0x000144ac        0x1 C:\fehqt\Proteus/EWL/lib/armv7e-m\libc.a(printformat_.o)
 .rodata.__aeabi_ctype_table_C
                0x000144ad      0x101 C:\fehqt\Proteus/EWL/lib/armv7e-m\libc.a(ctype_aeabi.o)
                0x000144ad                __aeabi_ctype_table_C
 *(.glue_7)
 .glue_7        0x00000000        0x0 linker stubs
 *(.glue_7t)
 .glue_7t       0x00000000        0x0 linker stubs
 *(.eh_frame)
 *(.init)
 *(.fini)
                0x000145b0                . = ALIGN (0x4)
 *fill*         0x000145ae        0x2 00
                0x000145b0                _etext = .

.vfp11_veneer   0x000145b0        0x0
 .vfp11_veneer  0x00000000        0x0 linker stubs

.v4_bx          0x000145b0        0x0
 .v4_bx         0x00000000        0x0 linker stubs

.ARM.extab
 *(.ARM.extab* .gnu.linkonce.armextab.*)

.ARM            0x000145b0        0x0
                0x000145b0                __exidx_start = .
 *(.ARM.exidx*)
                0x000145b0                __exidx_end = .

.ctors          0x000145b0        0x0
                0x000145b0                __CTOR_LIST__ = .
 *crtbegin.o(.ctors)
 *(EXCLUDE_FILE(*crtend.o) .ctors)
 *(SORT(.ctors.*))
 *(.ctors)
                0x000145b0                __CTOR_END__ = .

.dtors          0x000145b0        0x0
                0x000145b0                __DTOR_LIST__ = .
 *crtbegin.o(.dtors)
 *(EXCLUDE_FILE(*crtend.o) .dtors)
 *(SORT(.dtors.*))
 *(.dtors)
                0x000145b0                __DTOR_END__ = .

.preinit_array  0x000145b0        0x0
                0x000145b0                PROVIDE (__preinit_array_start, .)
 *(.preinit_array*)
                0x000145b0                PROVIDE (__preinit_array_end, .)

.init_array     0x000145b0       0x20
                0x000145b0                PROVIDE (__init_array_start, .)
 *(SORT(.init_array.*))
 *(.init_array*)
 .init_array    0x000145b0        0x4 ..\main.o
 .init_array    0x000145b4        0x4 FEHProteus.o
 .init_array    0x000145b8        0x4 Libraries\FEHBuzzer.o
 .init_array    0x000145bc        0x4 Libraries\FEHLCD.o
 .init_array    0x000145c0        0x4 Libraries\FEHAccel.o
 .init_array    0x000145c4        0x4 Libraries\FEHBattery.o
 .init_array    0x000145c8        0x4 Libraries\FEHRPS.o
 .init_array    0x000145cc        0x4 Libraries\FEHSD.o
                0x000145d0                PROVIDE (__init_array_end, .)

.fini_array     0x000145d0        0x0
                0x000145d0                PROVIDE (__fini_array_start, .)
 *(SORT(.fini_array.*))
 *(.fini_array*)
                0x000145d0                PROVIDE (__fini_array_end, .)
                0x000145d0                ___ROM_AT = .

.data           0x1fff0400      0xd1c load address 0x000145d0
                0x1fff0400                . = ALIGN (0x4)
                0x1fff0400                _sdata = .
 *(.data)
 *(.data*)
 .data._ZL4Stat
                0x1fff0400        0x1 Drivers\SDHC.o
 *fill*         0x1fff0401        0x3 00
 .data.image    0x1fff0404      0x750 Libraries\FEHLCD.o
                0x1fff0404                image
 .data.logo     0x1fff0b54      0x3e8 Libraries\FEHLCD.o
                0x1fff0b54                logo
 .data._ZN6FEHLCD8fontDataE
                0x1fff0f3c      0x1e0 Libraries\FEHLCD.o
                0x1fff0f3c                FEHLCD::fontData
                0x1fff111c                . = ALIGN (0x4)
                0x1fff111c                _edata = .
                0x00000d1c                ___data_size = (_edata - _sdata)
                0x000152ec                ___m_data2_ROMStart = (___ROM_AT + SIZEOF (.data))

.user_data2     0x20000000        0x0 load address 0x000152ec
                0x20000000                . = ALIGN (0x4)
                0x20000000                ___m_data2_RAMStart = .
 *(.data2)
                0x20000000                ___m_data2_RAMEnd = .
                0x20000000                . = ALIGN (0x4)
                0x00000000                ___m_data2_ROMSize = (___m_data2_RAMEnd - ___m_data2_RAMStart)
                0x20000000                . = ALIGN (0x4)

.bss            0x1fff111c      0x5e8 load address 0x000152ec
                0x1fff111c                __START_BSS = .
                0x1fff111c                PROVIDE (__bss_start__, __START_BSS)
 *(.bss)
 *(.bss*)
 .bss.main_servo
                0x1fff111c        0xc ..\main.o
                0x1fff111c                main_servo
 .bss.lever_servo
                0x1fff1128        0xc ..\main.o
                0x1fff1128                lever_servo
 .bss.fr_encoder
                0x1fff1134        0x4 ..\main.o
                0x1fff1134                fr_encoder
 .bss.bl_encoder
                0x1fff1138        0x4 ..\main.o
                0x1fff1138                bl_encoder
 .bss.fr_motor  0x1fff113c        0x8 ..\main.o
                0x1fff113c                fr_motor
 .bss.bl_motor  0x1fff1144        0x8 ..\main.o
                0x1fff1144                bl_motor
 .bss.cds       0x1fff114c        0x4 ..\main.o
                0x1fff114c                cds
 .bss.vertical  0x1fff1150        0x1 ..\main.o
                0x1fff1150                vertical
 *fill*         0x1fff1151        0x3 00
 .bss._ZL4argv  0x1fff1154        0x4 Startup\__arm_start.o
 .bss.MasterTransmission
                0x1fff1158        0x1 Drivers\i2c.o
                0x1fff1158                MasterTransmission
 .bss.SlaveID   0x1fff1159        0x1 Drivers\i2c.o
                0x1fff1159                SlaveID
 *fill*         0x1fff115a        0x2 00
 .bss.SDHC_Card
                0x1fff115c       0x14 Drivers\SDHC.o
                0x1fff115c                SDHC_Card
 .bss.SDHC_Info
                0x1fff1170      0x204 Drivers\SDHC.o
                0x1fff1170                SDHC_Info
 .bss.SDHC_Device
                0x1fff1374        0x8 Drivers\SDHC.o
                0x1fff1374                SDHC_Device
 .bss.Propeller
                0x1fff137c        0x4 FEHProteus.o
                0x1fff137c                Propeller
 .bss.CoreClockKHz
                0x1fff1380        0x4 FEHProteus.o
                0x1fff1380                CoreClockKHz
 .bss.CoreClockMHz
                0x1fff1384        0x4 FEHProteus.o
                0x1fff1384                CoreClockMHz
 .bss.PeripheralClockKHz
                0x1fff1388        0x4 FEHProteus.o
                0x1fff1388                PeripheralClockKHz
 .bss._ZN14AnalogInputPin17Master_Adc_ConfigE
                0x1fff138c       0x10 Libraries\FEHIO.o
                0x1fff138c                AnalogInputPin::Master_Adc_Config
 .bss._ZN14AnalogInputPin18Encoder_Adc_ConfigE
                0x1fff139c       0x10 Libraries\FEHIO.o
                0x1fff139c                AnalogInputPin::Encoder_Adc_Config
 .bss.interrupt_counts
                0x1fff13ac       0x80 Libraries\FEHIO.o
                0x1fff13ac                interrupt_counts
 .bss._ZN13AnalogEncoder7pinListE
                0x1fff142c        0x4 Libraries\FEHIO.o
                0x1fff142c                AnalogEncoder::pinList
 .bss.__interrupt_counter
                0x1fff1430        0x4 Libraries\FEHIO.o
                0x1fff1430                __interrupt_counter
 .bss.Buzzer    0x1fff1434        0x4 Libraries\FEHBuzzer.o
                0x1fff1434                Buzzer
 .bss.LCD       0x1fff1438       0x44 Libraries\FEHLCD.o
                0x1fff1438                LCD
 .bss.initialized
                0x1fff147c        0x1 Libraries\FEHLCD.o
                0x1fff147c                initialized
 *fill*         0x1fff147d        0x3 00
 .bss.Accel     0x1fff1480        0x4 Libraries\FEHAccel.o
                0x1fff1480                Accel
 .bss.Battery   0x1fff1484        0x4 Libraries\FEHBattery.o
                0x1fff1484                Battery
 .bss.XBeeDataProcess
                0x1fff1488        0x4 Drivers\FEHXBee.o
                0x1fff1488                XBeeDataProcess
 .bss._xbeebuffer
                0x1fff148c       0x10 Drivers\FEHXBee.o
                0x1fff148c                _xbeebuffer
 .bss._xbeebufferindex
                0x1fff149c        0x1 Drivers\FEHXBee.o
                0x1fff149c                _xbeebufferindex
 .bss._xbeestate
                0x1fff149d        0x1 Drivers\FEHXBee.o
                0x1fff149d                _xbeestate
 .bss._xbeebytereceived
                0x1fff149e        0x1 Drivers\FEHXBee.o
                0x1fff149e                _xbeebytereceived
 .bss._xbeebyte
                0x1fff149f        0x1 Drivers\FEHXBee.o
                0x1fff149f                _xbeebyte
 .bss.RPS       0x1fff14a0        0x8 Libraries\FEHRPS.o
                0x1fff14a0                RPS
 .bss._enabled  0x1fff14a8        0x1 Libraries\FEHRPS.o
                0x1fff14a8                _enabled
 *fill*         0x1fff14a9        0x3 00
 .bss._RPS_x    0x1fff14ac        0x4 Libraries\FEHRPS.o
                0x1fff14ac                _RPS_x
 .bss._RPS_y    0x1fff14b0        0x4 Libraries\FEHRPS.o
                0x1fff14b0                _RPS_y
 .bss._RPS_heading
                0x1fff14b4        0x4 Libraries\FEHRPS.o
                0x1fff14b4                _RPS_heading
 .bss._RPS_objective
                0x1fff14b8        0x4 Libraries\FEHRPS.o
                0x1fff14b8                _RPS_objective
 .bss._RPS_time
                0x1fff14bc        0x1 Libraries\FEHRPS.o
                0x1fff14bc                _RPS_time
 .bss._RPS_stop
                0x1fff14bd        0x1 Libraries\FEHRPS.o
                0x1fff14bd                _RPS_stop
 .bss._RPS_foundpacket
                0x1fff14be        0x1 Libraries\FEHRPS.o
                0x1fff14be                _RPS_foundpacket
 *fill*         0x1fff14bf        0x1 00
 .bss.SD        0x1fff14c0        0x4 Libraries\FEHSD.o
                0x1fff14c0                SD
 .bss.logfil    0x1fff14c4      0x228 Libraries\FEHSD.o
                0x1fff14c4                logfil
 .bss.__stdio_exit
                0x1fff16ec        0x4 C:\fehqt\Proteus/EWL/lib/armv7e-m\libc.a(exit.o)
                0x1fff16ec                __stdio_exit
 .bss.__console_exit
                0x1fff16f0        0x4 C:\fehqt\Proteus/EWL/lib/armv7e-m\libc.a(exit.o)
                0x1fff16f0                __console_exit
 .bss.__S_romp  0x1fff16f4        0xc C:\fehqt\Proteus/EWL/lib/armv7e-m\librt.a(ROMCopy.o)
 .bss.__global_destructor_chain
                0x1fff1700        0x4 C:\fehqt\Proteus/EWL/lib/armv7e-m\librt.a(__arm_eabi_init.o)
                0x1fff1700                __global_destructor_chain
 *(COMMON)
                0x1fff1704                . = ALIGN (0x4)
                0x1fff1704                __END_BSS = .
                0x1fff1704                PROVIDE (__bss_end__, __END_BSS)

._user_heap_stack
                0x1fff1704     0x1000 load address 0x000158d4
                0x1fff1704                . = ALIGN (0x4)
                0x1fff1704                PROVIDE (end, .)
                0x1fff1704                PROVIDE (_end, .)
                0x1fff1704                __heap_addr = .
                0x1fff1f04                . = (. + __heap_size)
 *fill*         0x1fff1704      0x800 00
                0x1fff2704                . = (. + __stack_size)
 *fill*         0x1fff1f04      0x800 00
                0x1fff2704                . = ALIGN (0x4)
                0x000152ec                _romp_at = ((___ROM_AT + SIZEOF (.data)) + SIZEOF (.user_data2))

.romp           0x20000000       0x24 load address 0x000152ec
                0x000152ec                __S_romp = _romp_at
                0x20000000        0x4 LONG 0x145d0 ___ROM_AT
                0x20000004        0x4 LONG 0x1fff0400 _sdata
                0x20000008        0x4 LONG 0xd1c ___data_size
                0x2000000c        0x4 LONG 0x152ec ___m_data2_ROMStart
                0x20000010        0x4 LONG 0x20000000 ___m_data2_RAMStart
                0x20000014        0x4 LONG 0x0 ___m_data2_ROMSize
                0x20000018        0x4 LONG 0x0
                0x2000001c        0x4 LONG 0x0
                0x20000020        0x4 LONG 0x0

.ARM.attributes
                0x00000000       0x33
 *(.ARM.attributes)
 .ARM.attributes
                0x00000000       0x33 ..\main.o
 .ARM.attributes
                0x00000033       0x33 Startup\__arm_start.o
 .ARM.attributes
                0x00000066       0x33 Startup\__arm_end.o
 .ARM.attributes
                0x00000099       0x33 Startup\kinetis_sysinit.o
 .ARM.attributes
                0x000000cc       0x33 Libraries\FEHMotor.o
 .ARM.attributes
                0x000000ff       0x33 Drivers\i2c.o
 .ARM.attributes
                0x00000132       0x33 Drivers\spi.o
 .ARM.attributes
                0x00000165       0x33 Drivers\uart.o
 .ARM.attributes
                0x00000198       0x33 Drivers\ff.o
 .ARM.attributes
                0x000001cb       0x33 Drivers\SDHC.o
 .ARM.attributes
                0x000001fe       0x33 Drivers\lptmr.o
 .ARM.attributes
                0x00000231       0x33 FEHProteus.o
 .ARM.attributes
                0x00000264       0x33 Drivers\FEHPropeller.o
 .ARM.attributes
                0x00000297       0x33 Libraries\FEHUtility.o
 .ARM.attributes
                0x000002ca       0x33 Libraries\FEHIO.o
 .ARM.attributes
                0x000002fd       0x33 Drivers\adc16.o
 .ARM.attributes
                0x00000330       0x33 Libraries\FEHBuzzer.o
 .ARM.attributes
                0x00000363       0x33 Libraries\FEHServo.o
 .ARM.attributes
                0x00000396       0x33 Libraries\FEHLCD.o
 .ARM.attributes
                0x000003c9       0x33 Libraries\FEHAccel.o
 .ARM.attributes
                0x000003fc       0x33 Libraries\FEHBattery.o
 .ARM.attributes
                0x0000042f       0x33 Drivers\FEHXBee.o
 .ARM.attributes
                0x00000462       0x33 Libraries\FEHRPS.o
 .ARM.attributes
                0x00000495       0x33 Libraries\FEHSD.o
 .ARM.attributes
                0x000004c8       0x33 C:\fehqt\Proteus/EWL/lib/armv7e-m\libc.a(exit.o)
 .ARM.attributes
                0x000004fb       0x33 C:\fehqt\Proteus/EWL/lib/armv7e-m\libc.a(memset.o)
 .ARM.attributes
                0x0000052e       0x33 C:\fehqt\Proteus/EWL/lib/armv7e-m\libc.a(strlen.o)
 .ARM.attributes
                0x00000561       0x33 C:\fehqt\Proteus/EWL/lib/armv7e-m\libc.a(printformat_.o)
 .ARM.attributes
                0x00000594       0x33 C:\fehqt\Proteus/EWL/lib/armv7e-m\libc.a(scanformat_.o)
 .ARM.attributes
                0x000005c7       0x33 C:\fehqt\Proteus/EWL/lib/armv7e-m\libc.a(ctype_aeabi.o)
 .ARM.attributes
                0x000005fa       0x33 C:\fehqt\Proteus/EWL/lib/armv7e-m\libc.a(__strtoul.o)
 .ARM.attributes
                0x0000062d       0x33 C:\fehqt\Proteus/EWL/lib/armv7e-m\libc.a(__filll_mem.o)
 .ARM.attributes
                0x00000660       0x33 C:\fehqt\Proteus/EWL/lib/armv7e-m\libc.a(memchr.o)
 .ARM.attributes
                0x00000693       0x33 C:\fehqt\Proteus/EWL/lib/armv7e-m\libc.a(strchr.o)
 .ARM.attributes
                0x000006c6       0x1e c:/fehqt/proteus/gcc/bin/../lib/gcc/arm-none-eabi/4.6.2/armv7e-m\libgcc.a(_arm_addsubdf3.o)
 .ARM.attributes
                0x000006e4       0x1e c:/fehqt/proteus/gcc/bin/../lib/gcc/arm-none-eabi/4.6.2/armv7e-m\libgcc.a(_arm_muldivdf3.o)
 .ARM.attributes
                0x00000702       0x1e c:/fehqt/proteus/gcc/bin/../lib/gcc/arm-none-eabi/4.6.2/armv7e-m\libgcc.a(_arm_fixunsdfsi.o)
 .ARM.attributes
                0x00000720       0x1e c:/fehqt/proteus/gcc/bin/../lib/gcc/arm-none-eabi/4.6.2/armv7e-m\libgcc.a(_arm_truncdfsf2.o)
 .ARM.attributes
                0x0000073e       0x1e c:/fehqt/proteus/gcc/bin/../lib/gcc/arm-none-eabi/4.6.2/armv7e-m\libgcc.a(_arm_addsubsf3.o)
 .ARM.attributes
                0x0000075c       0x1e c:/fehqt/proteus/gcc/bin/../lib/gcc/arm-none-eabi/4.6.2/armv7e-m\libgcc.a(_arm_muldivsf3.o)
 .ARM.attributes
                0x0000077a       0x1e c:/fehqt/proteus/gcc/bin/../lib/gcc/arm-none-eabi/4.6.2/armv7e-m\libgcc.a(_arm_cmpsf2.o)
 .ARM.attributes
                0x00000798       0x33 C:\fehqt\Proteus/EWL/lib/armv7e-m\librt.a(gcc_ctor_dtor.o)
 .ARM.attributes
                0x000007cb       0x33 C:\fehqt\Proteus/EWL/lib/armv7e-m\librt.a(ROMCopy.o)
 .ARM.attributes
                0x000007fe       0x33 C:\fehqt\Proteus/EWL/lib/armv7e-m\librt.a(__arm_eabi_init.o)
OUTPUT(../PT02.elf elf32-littlearm)

.debug_info     0x00000000    0x1459e
 .debug_info    0x00000000     0x1347 ..\main.o
 .debug_info    0x00001347     0x12c5 Startup\__arm_start.o
 .debug_info    0x0000260c       0x58 Startup\__arm_end.o
 .debug_info    0x00002664      0x61c Startup\kinetis_sysinit.o
 .debug_info    0x00002c80      0x335 Libraries\FEHMotor.o
 .debug_info    0x00002fb5      0x250 Drivers\i2c.o
 .debug_info    0x00003205      0x6cf Drivers\spi.o
 .debug_info    0x000038d4      0x59c Drivers\uart.o
 .debug_info    0x00003e70     0x1da0 Drivers\ff.o
 .debug_info    0x00005c10      0xf1d Drivers\SDHC.o
 .debug_info    0x00006b2d      0x2de Drivers\lptmr.o
 .debug_info    0x00006e0b      0x1a7 FEHProteus.o
 .debug_info    0x00006fb2      0x722 Drivers\FEHPropeller.o
 .debug_info    0x000076d4      0x36c Libraries\FEHUtility.o
 .debug_info    0x00007a40     0x1c6a Libraries\FEHIO.o
 .debug_info    0x000096aa      0x4ab Drivers\adc16.o
 .debug_info    0x00009b55      0xa42 Libraries\FEHBuzzer.o
 .debug_info    0x0000a597     0x1500 Libraries\FEHServo.o
 .debug_info    0x0000ba97     0x2c25 Libraries\FEHLCD.o
 .debug_info    0x0000e6bc      0x26a Libraries\FEHAccel.o
 .debug_info    0x0000e926      0x3a9 Libraries\FEHBattery.o
 .debug_info    0x0000eccf      0xac3 Drivers\FEHXBee.o
 .debug_info    0x0000f792     0x1b23 Libraries\FEHRPS.o
 .debug_info    0x000112b5     0x16c8 Libraries\FEHSD.o
 .debug_info    0x0001297d      0x103 C:\fehqt\Proteus/EWL/lib/armv7e-m\libc.a(exit.o)
 .debug_info    0x00012a80       0xf4 C:\fehqt\Proteus/EWL/lib/armv7e-m\libc.a(memset.o)
 .debug_info    0x00012b74       0xf3 C:\fehqt\Proteus/EWL/lib/armv7e-m\libc.a(strlen.o)
 .debug_info    0x00012c67      0x512 C:\fehqt\Proteus/EWL/lib/armv7e-m\libc.a(printformat_.o)
 .debug_info    0x00013179      0x564 C:\fehqt\Proteus/EWL/lib/armv7e-m\libc.a(scanformat_.o)
 .debug_info    0x000136dd      0x32a C:\fehqt\Proteus/EWL/lib/armv7e-m\libc.a(ctype_aeabi.o)
 .debug_info    0x00013a07      0x1d7 C:\fehqt\Proteus/EWL/lib/armv7e-m\libc.a(__strtoul.o)
 .debug_info    0x00013bde      0x13d C:\fehqt\Proteus/EWL/lib/armv7e-m\libc.a(__filll_mem.o)
 .debug_info    0x00013d1b      0x129 C:\fehqt\Proteus/EWL/lib/armv7e-m\libc.a(memchr.o)
 .debug_info    0x00013e44      0x110 C:\fehqt\Proteus/EWL/lib/armv7e-m\libc.a(strchr.o)
 .debug_info    0x00013f54      0x1c0 C:\fehqt\Proteus/EWL/lib/armv7e-m\librt.a(gcc_ctor_dtor.o)
 .debug_info    0x00014114      0x1b8 C:\fehqt\Proteus/EWL/lib/armv7e-m\librt.a(ROMCopy.o)
 .debug_info    0x000142cc      0x2d2 C:\fehqt\Proteus/EWL/lib/armv7e-m\librt.a(__arm_eabi_init.o)

.debug_abbrev   0x00000000     0x3bca
 .debug_abbrev  0x00000000      0x2ce ..\main.o
 .debug_abbrev  0x000002ce      0x28f Startup\__arm_start.o
 .debug_abbrev  0x0000055d       0x45 Startup\__arm_end.o
 .debug_abbrev  0x000005a2      0x1c3 Startup\kinetis_sysinit.o
 .debug_abbrev  0x00000765      0x18c Libraries\FEHMotor.o
 .debug_abbrev  0x000008f1       0xfc Drivers\i2c.o
 .debug_abbrev  0x000009ed      0x18b Drivers\spi.o
 .debug_abbrev  0x00000b78      0x15f Drivers\uart.o
 .debug_abbrev  0x00000cd7      0x18f Drivers\ff.o
 .debug_abbrev  0x00000e66      0x223 Drivers\SDHC.o
 .debug_abbrev  0x00001089       0xd2 Drivers\lptmr.o
 .debug_abbrev  0x0000115b      0x101 FEHProteus.o
 .debug_abbrev  0x0000125c      0x1c6 Drivers\FEHPropeller.o
 .debug_abbrev  0x00001422      0x154 Libraries\FEHUtility.o
 .debug_abbrev  0x00001576      0x448 Libraries\FEHIO.o
 .debug_abbrev  0x000019be      0x12a Drivers\adc16.o
 .debug_abbrev  0x00001ae8      0x1da Libraries\FEHBuzzer.o
 .debug_abbrev  0x00001cc2      0x312 Libraries\FEHServo.o
 .debug_abbrev  0x00001fd4      0x38c Libraries\FEHLCD.o
 .debug_abbrev  0x00002360      0x13b Libraries\FEHAccel.o
 .debug_abbrev  0x0000249b      0x1cb Libraries\FEHBattery.o
 .debug_abbrev  0x00002666      0x231 Drivers\FEHXBee.o
 .debug_abbrev  0x00002897      0x38c Libraries\FEHRPS.o
 .debug_abbrev  0x00002c23      0x357 Libraries\FEHSD.o
 .debug_abbrev  0x00002f7a       0x8f C:\fehqt\Proteus/EWL/lib/armv7e-m\libc.a(exit.o)
 .debug_abbrev  0x00003009       0x66 C:\fehqt\Proteus/EWL/lib/armv7e-m\libc.a(memset.o)
 .debug_abbrev  0x0000306f       0x7e C:\fehqt\Proteus/EWL/lib/armv7e-m\libc.a(strlen.o)
 .debug_abbrev  0x000030ed      0x204 C:\fehqt\Proteus/EWL/lib/armv7e-m\libc.a(printformat_.o)
 .debug_abbrev  0x000032f1      0x1fb C:\fehqt\Proteus/EWL/lib/armv7e-m\libc.a(scanformat_.o)
 .debug_abbrev  0x000034ec       0x9a C:\fehqt\Proteus/EWL/lib/armv7e-m\libc.a(ctype_aeabi.o)
 .debug_abbrev  0x00003586       0xc6 C:\fehqt\Proteus/EWL/lib/armv7e-m\libc.a(__strtoul.o)
 .debug_abbrev  0x0000364c       0x8b C:\fehqt\Proteus/EWL/lib/armv7e-m\libc.a(__filll_mem.o)
 .debug_abbrev  0x000036d7       0x99 C:\fehqt\Proteus/EWL/lib/armv7e-m\libc.a(memchr.o)
 .debug_abbrev  0x00003770       0x8d C:\fehqt\Proteus/EWL/lib/armv7e-m\libc.a(strchr.o)
 .debug_abbrev  0x000037fd       0x9d C:\fehqt\Proteus/EWL/lib/armv7e-m\librt.a(gcc_ctor_dtor.o)
 .debug_abbrev  0x0000389a      0x160 C:\fehqt\Proteus/EWL/lib/armv7e-m\librt.a(ROMCopy.o)
 .debug_abbrev  0x000039fa      0x1d0 C:\fehqt\Proteus/EWL/lib/armv7e-m\librt.a(__arm_eabi_init.o)

.debug_loc      0x00000000     0x6610
 .debug_loc     0x00000000      0x218 ..\main.o
 .debug_loc     0x00000218       0xb0 Startup\__arm_start.o
 .debug_loc     0x000002c8       0x38 Startup\__arm_end.o
 .debug_loc     0x00000300       0x84 Startup\kinetis_sysinit.o
 .debug_loc     0x00000384       0xe0 Libraries\FEHMotor.o
 .debug_loc     0x00000464       0xe0 Drivers\i2c.o
 .debug_loc     0x00000544      0x19c Drivers\spi.o
 .debug_loc     0x000006e0       0xe0 Drivers\uart.o
 .debug_loc     0x000007c0      0xa96 Drivers\ff.o
 .debug_loc     0x00001256      0x370 Drivers\SDHC.o
 .debug_loc     0x000015c6       0x38 Drivers\lptmr.o
 .debug_loc     0x000015fe       0x64 FEHProteus.o
 .debug_loc     0x00001662      0x118 Drivers\FEHPropeller.o
 .debug_loc     0x0000177a      0x1a8 Libraries\FEHUtility.o
 .debug_loc     0x00001922      0x8d6 Libraries\FEHIO.o
 .debug_loc     0x000021f8       0xa8 Drivers\adc16.o
 .debug_loc     0x000022a0      0x304 Libraries\FEHBuzzer.o
 .debug_loc     0x000025a4      0x1fa Libraries\FEHServo.o
 .debug_loc     0x0000279e     0x1147 Libraries\FEHLCD.o
 .debug_loc     0x000038e5      0x144 Libraries\FEHAccel.o
 .debug_loc     0x00003a29       0xd4 Libraries\FEHBattery.o
 .debug_loc     0x00003afd      0x1c0 Drivers\FEHXBee.o
 .debug_loc     0x00003cbd      0x3e8 Libraries\FEHRPS.o
 .debug_loc     0x000040a5      0x24a Libraries\FEHSD.o
 .debug_loc     0x000042ef       0x3e C:\fehqt\Proteus/EWL/lib/armv7e-m\libc.a(exit.o)
 .debug_loc     0x0000432d       0x64 C:\fehqt\Proteus/EWL/lib/armv7e-m\libc.a(memset.o)
 .debug_loc     0x00004391       0x31 C:\fehqt\Proteus/EWL/lib/armv7e-m\libc.a(strlen.o)
 .debug_loc     0x000043c2     0x106f C:\fehqt\Proteus/EWL/lib/armv7e-m\libc.a(printformat_.o)
 .debug_loc     0x00005431      0x8cb C:\fehqt\Proteus/EWL/lib/armv7e-m\libc.a(scanformat_.o)
 .debug_loc     0x00005cfc      0x18e C:\fehqt\Proteus/EWL/lib/armv7e-m\libc.a(ctype_aeabi.o)
 .debug_loc     0x00005e8a      0x2ad C:\fehqt\Proteus/EWL/lib/armv7e-m\libc.a(__strtoul.o)
 .debug_loc     0x00006137      0x12c C:\fehqt\Proteus/EWL/lib/armv7e-m\libc.a(__filll_mem.o)
 .debug_loc     0x00006263       0x82 C:\fehqt\Proteus/EWL/lib/armv7e-m\libc.a(memchr.o)
 .debug_loc     0x000062e5       0x78 C:\fehqt\Proteus/EWL/lib/armv7e-m\libc.a(strchr.o)
 .debug_loc     0x0000635d       0xbe C:\fehqt\Proteus/EWL/lib/armv7e-m\librt.a(gcc_ctor_dtor.o)
 .debug_loc     0x0000641b       0x9b C:\fehqt\Proteus/EWL/lib/armv7e-m\librt.a(ROMCopy.o)
 .debug_loc     0x000064b6      0x15a C:\fehqt\Proteus/EWL/lib/armv7e-m\librt.a(__arm_eabi_init.o)

.debug_aranges  0x00000000      0xe60
 .debug_aranges
                0x00000000       0x68 ..\main.o
 .debug_aranges
                0x00000068       0x48 Startup\__arm_start.o
 .debug_aranges
                0x000000b0       0x20 Startup\__arm_end.o
 .debug_aranges
                0x000000d0       0x30 Startup\kinetis_sysinit.o
 .debug_aranges
                0x00000100       0x38 Libraries\FEHMotor.o
 .debug_aranges
                0x00000138       0x38 Drivers\i2c.o
 .debug_aranges
                0x00000170       0x58 Drivers\spi.o
 .debug_aranges
                0x000001c8       0x38 Drivers\uart.o
 .debug_aranges
                0x00000200      0x198 Drivers\ff.o
 .debug_aranges
                0x00000398       0x98 Drivers\SDHC.o
 .debug_aranges
                0x00000430       0x20 Drivers\lptmr.o
 .debug_aranges
                0x00000450       0x28 FEHProteus.o
 .debug_aranges
                0x00000478       0x40 Drivers\FEHPropeller.o
 .debug_aranges
                0x000004b8       0x58 Libraries\FEHUtility.o
 .debug_aranges
                0x00000510      0x160 Libraries\FEHIO.o
 .debug_aranges
                0x00000670       0x30 Drivers\adc16.o
 .debug_aranges
                0x000006a0       0x88 Libraries\FEHBuzzer.o
 .debug_aranges
                0x00000728       0x60 Libraries\FEHServo.o
 .debug_aranges
                0x00000788      0x290 Libraries\FEHLCD.o
 .debug_aranges
                0x00000a18       0x48 Libraries\FEHAccel.o
 .debug_aranges
                0x00000a60       0x38 Libraries\FEHBattery.o
 .debug_aranges
                0x00000a98       0x58 Drivers\FEHXBee.o
 .debug_aranges
                0x00000af0       0xa8 Libraries\FEHRPS.o
 .debug_aranges
                0x00000b98       0x68 Libraries\FEHSD.o
 .debug_aranges
                0x00000c00       0x20 C:\fehqt\Proteus/EWL/lib/armv7e-m\libc.a(exit.o)
 .debug_aranges
                0x00000c20       0x20 C:\fehqt\Proteus/EWL/lib/armv7e-m\libc.a(memset.o)
 .debug_aranges
                0x00000c40       0x20 C:\fehqt\Proteus/EWL/lib/armv7e-m\libc.a(strlen.o)
 .debug_aranges
                0x00000c60       0x28 C:\fehqt\Proteus/EWL/lib/armv7e-m\libc.a(printformat_.o)
 .debug_aranges
                0x00000c88       0x20 C:\fehqt\Proteus/EWL/lib/armv7e-m\libc.a(scanformat_.o)
 .debug_aranges
                0x00000ca8       0x88 C:\fehqt\Proteus/EWL/lib/armv7e-m\libc.a(ctype_aeabi.o)
 .debug_aranges
                0x00000d30       0x20 C:\fehqt\Proteus/EWL/lib/armv7e-m\libc.a(__strtoul.o)
 .debug_aranges
                0x00000d50       0x20 C:\fehqt\Proteus/EWL/lib/armv7e-m\libc.a(__filll_mem.o)
 .debug_aranges
                0x00000d70       0x20 C:\fehqt\Proteus/EWL/lib/armv7e-m\libc.a(memchr.o)
 .debug_aranges
                0x00000d90       0x20 C:\fehqt\Proteus/EWL/lib/armv7e-m\libc.a(strchr.o)
 .debug_aranges
                0x00000db0       0x28 C:\fehqt\Proteus/EWL/lib/armv7e-m\librt.a(gcc_ctor_dtor.o)
 .debug_aranges
                0x00000dd8       0x30 C:\fehqt\Proteus/EWL/lib/armv7e-m\librt.a(ROMCopy.o)
 .debug_aranges
                0x00000e08       0x58 C:\fehqt\Proteus/EWL/lib/armv7e-m\librt.a(__arm_eabi_init.o)

.debug_line     0x00000000     0x7a6f
 .debug_line    0x00000000      0x406 ..\main.o
 .debug_line    0x00000406      0x3ad Startup\__arm_start.o
 .debug_line    0x000007b3      0x21a Startup\__arm_end.o
 .debug_line    0x000009cd      0x291 Startup\kinetis_sysinit.o
 .debug_line    0x00000c5e      0x237 Libraries\FEHMotor.o
 .debug_line    0x00000e95      0x2ad Drivers\i2c.o
 .debug_line    0x00001142      0x295 Drivers\spi.o
 .debug_line    0x000013d7      0x212 Drivers\uart.o
 .debug_line    0x000015e9     0x1114 Drivers\ff.o
 .debug_line    0x000026fd      0x678 Drivers\SDHC.o
 .debug_line    0x00002d75      0x1c0 Drivers\lptmr.o
 .debug_line    0x00002f35      0x1da FEHProteus.o
 .debug_line    0x0000310f      0x264 Drivers\FEHPropeller.o
 .debug_line    0x00003373      0x282 Libraries\FEHUtility.o
 .debug_line    0x000035f5      0x6ee Libraries\FEHIO.o
 .debug_line    0x00003ce3      0x20f Drivers\adc16.o
 .debug_line    0x00003ef2      0x2df Libraries\FEHBuzzer.o
 .debug_line    0x000041d1      0x545 Libraries\FEHServo.o
 .debug_line    0x00004716     0x1151 Libraries\FEHLCD.o
 .debug_line    0x00005867      0x23f Libraries\FEHAccel.o
 .debug_line    0x00005aa6      0x218 Libraries\FEHBattery.o
 .debug_line    0x00005cbe      0x349 Drivers\FEHXBee.o
 .debug_line    0x00006007      0x746 Libraries\FEHRPS.o
 .debug_line    0x0000674d      0x3fa Libraries\FEHSD.o
 .debug_line    0x00006b47       0x94 C:\fehqt\Proteus/EWL/lib/armv7e-m\libc.a(exit.o)
 .debug_line    0x00006bdb       0x8f C:\fehqt\Proteus/EWL/lib/armv7e-m\libc.a(memset.o)
 .debug_line    0x00006c6a       0x89 C:\fehqt\Proteus/EWL/lib/armv7e-m\libc.a(strlen.o)
 .debug_line    0x00006cf3      0x2c6 C:\fehqt\Proteus/EWL/lib/armv7e-m\libc.a(printformat_.o)
 .debug_line    0x00006fb9      0x2e3 C:\fehqt\Proteus/EWL/lib/armv7e-m\libc.a(scanformat_.o)
 .debug_line    0x0000729c      0x1dd C:\fehqt\Proteus/EWL/lib/armv7e-m\libc.a(ctype_aeabi.o)
 .debug_line    0x00007479      0x141 C:\fehqt\Proteus/EWL/lib/armv7e-m\libc.a(__strtoul.o)
 .debug_line    0x000075ba      0x121 C:\fehqt\Proteus/EWL/lib/armv7e-m\libc.a(__filll_mem.o)
 .debug_line    0x000076db       0xa3 C:\fehqt\Proteus/EWL/lib/armv7e-m\libc.a(memchr.o)
 .debug_line    0x0000777e       0x84 C:\fehqt\Proteus/EWL/lib/armv7e-m\libc.a(strchr.o)
 .debug_line    0x00007802       0x94 C:\fehqt\Proteus/EWL/lib/armv7e-m\librt.a(gcc_ctor_dtor.o)
 .debug_line    0x00007896       0xc0 C:\fehqt\Proteus/EWL/lib/armv7e-m\librt.a(ROMCopy.o)
 .debug_line    0x00007956      0x119 C:\fehqt\Proteus/EWL/lib/armv7e-m\librt.a(__arm_eabi_init.o)

.debug_macinfo  0x00000000   0x89b522
 .debug_macinfo
                0x00000000    0x644b8 ..\main.o
 .debug_macinfo
                0x000644b8    0x647fb Startup\__arm_start.o
 .debug_macinfo
                0x000c8cb3     0x3464 Startup\__arm_end.o
 .debug_macinfo
                0x000cc117    0x64cce Startup\kinetis_sysinit.o
 .debug_macinfo
                0x00130de5    0x6305c Libraries\FEHMotor.o
 .debug_macinfo
                0x00193e41    0x6318f Drivers\i2c.o
 .debug_macinfo
                0x001f6fd0    0x62fd6 Drivers\spi.o
 .debug_macinfo
                0x00259fa6    0x62fc7 Drivers\uart.o
 .debug_macinfo
                0x002bcf6d     0x4396 Drivers\ff.o
 .debug_macinfo
                0x002c1303    0x6452b Drivers\SDHC.o
 .debug_macinfo
                0x0032582e    0x63036 Drivers\lptmr.o
 .debug_macinfo
                0x00388864    0x62fdc FEHProteus.o
 .debug_macinfo
                0x003eb840    0x63085 Drivers\FEHPropeller.o
 .debug_macinfo
                0x0044e8c5    0x62ff1 Libraries\FEHUtility.o
 .debug_macinfo
                0x004b18b6    0x64348 Libraries\FEHIO.o
 .debug_macinfo
                0x00515bfe    0x63678 Drivers\adc16.o
 .debug_macinfo
                0x00579276    0x6301e Libraries\FEHBuzzer.o
 .debug_macinfo
                0x005dc294    0x64476 Libraries\FEHServo.o
 .debug_macinfo
                0x0064070a    0x649ab Libraries\FEHLCD.o
 .debug_macinfo
                0x006a50b5    0x631be Libraries\FEHAccel.o
 .debug_macinfo
                0x00708273    0x636a3 Libraries\FEHBattery.o
 .debug_macinfo
                0x0076b916    0x63d5d Drivers\FEHXBee.o
 .debug_macinfo
                0x007cf673    0x66196 Libraries\FEHRPS.o
 .debug_macinfo
                0x00835809    0x65d19 Libraries\FEHSD.o

.debug_str      0x00000000     0x4d9a
 .debug_str     0x00000000     0x116c ..\main.o
                               0x121e (size before relaxing)
 .debug_str     0x0000116c      0x361 Startup\__arm_start.o
                                0xe6b (size before relaxing)
 .debug_str     0x000014cd       0x23 Startup\__arm_end.o
                                 0xbf (size before relaxing)
 .debug_str     0x000014f0      0x23a Startup\kinetis_sysinit.o
                                0x3e0 (size before relaxing)
 .debug_str     0x0000172a       0x2f Libraries\FEHMotor.o
                                0x2dd (size before relaxing)
 .debug_str     0x00001759      0x11a Drivers\i2c.o
                                0x206 (size before relaxing)
 .debug_str     0x00001873      0x18b Drivers\spi.o
                                0x3bf (size before relaxing)
 .debug_str     0x000019fe      0x188 Drivers\uart.o
                                0x354 (size before relaxing)
 .debug_str     0x00001b86      0x6b0 Drivers\ff.o
                                0x857 (size before relaxing)
 .debug_str     0x00002236      0x546 Drivers\SDHC.o
                                0x82d (size before relaxing)
 .debug_str     0x0000277c       0x5a Drivers\lptmr.o
                                0x20d (size before relaxing)
 .debug_str     0x000027d6       0x28 FEHProteus.o
                                0x259 (size before relaxing)
 .debug_str     0x000027fe       0x1f Drivers\FEHPropeller.o
                                0x39a (size before relaxing)
 .debug_str     0x0000281d       0xc0 Libraries\FEHUtility.o
                                0x1de (size before relaxing)
 .debug_str     0x000028dd      0xd51 Libraries\FEHIO.o
                               0x12af (size before relaxing)
 .debug_str     0x0000362e       0xd7 Drivers\adc16.o
                                0x29e (size before relaxing)
 .debug_str     0x00003705      0x1ba Libraries\FEHBuzzer.o
                                0x3b0 (size before relaxing)
 .debug_str     0x000038bf      0x245 Libraries\FEHServo.o
                               0x1110 (size before relaxing)
 .debug_str     0x00003b04      0x2c3 Libraries\FEHLCD.o
                               0x1111 (size before relaxing)
 .debug_str     0x00003dc7       0x68 Libraries\FEHAccel.o
                                0x1a2 (size before relaxing)
 .debug_str     0x00003e2f       0x5d Libraries\FEHBattery.o
                                0x363 (size before relaxing)
 .debug_str     0x00003e8c      0x1f6 Drivers\FEHXBee.o
                                0x549 (size before relaxing)
 .debug_str     0x00004082      0x3ec Libraries\FEHRPS.o
                               0x160a (size before relaxing)
 .debug_str     0x0000446e       0x9c Libraries\FEHSD.o
                               0x116a (size before relaxing)
 .debug_str     0x0000450a       0xbd C:\fehqt\Proteus/EWL/lib/armv7e-m\libc.a(exit.o)
                                0x14e (size before relaxing)
 .debug_str     0x000045c7       0x1c C:\fehqt\Proteus/EWL/lib/armv7e-m\libc.a(memset.o)
                                0x140 (size before relaxing)
 .debug_str     0x000045e3       0x24 C:\fehqt\Proteus/EWL/lib/armv7e-m\libc.a(strlen.o)
                                0x140 (size before relaxing)
 .debug_str     0x00004607      0x21a C:\fehqt\Proteus/EWL/lib/armv7e-m\libc.a(printformat_.o)
                                0x3aa (size before relaxing)
 .debug_str     0x00004821      0x17b C:\fehqt\Proteus/EWL/lib/armv7e-m\libc.a(scanformat_.o)
                                0x3f0 (size before relaxing)
 .debug_str     0x0000499c       0x9d C:\fehqt\Proteus/EWL/lib/armv7e-m\libc.a(ctype_aeabi.o)
                                0x1b3 (size before relaxing)
 .debug_str     0x00004a39       0x55 C:\fehqt\Proteus/EWL/lib/armv7e-m\libc.a(__strtoul.o)
                                0x1f2 (size before relaxing)
 .debug_str     0x00004a8e       0x25 C:\fehqt\Proteus/EWL/lib/armv7e-m\libc.a(__filll_mem.o)
                                0x152 (size before relaxing)
 .debug_str     0x00004ab3       0x1c C:\fehqt\Proteus/EWL/lib/armv7e-m\libc.a(memchr.o)
                                0x148 (size before relaxing)
 .debug_str     0x00004acf       0x1c C:\fehqt\Proteus/EWL/lib/armv7e-m\libc.a(strchr.o)
                                0x137 (size before relaxing)
 .debug_str     0x00004aeb      0x126 C:\fehqt\Proteus/EWL/lib/armv7e-m\librt.a(gcc_ctor_dtor.o)
                                0x185 (size before relaxing)
 .debug_str     0x00004c11       0x96 C:\fehqt\Proteus/EWL/lib/armv7e-m\librt.a(ROMCopy.o)
                                0x140 (size before relaxing)
 .debug_str     0x00004ca7       0xf3 C:\fehqt\Proteus/EWL/lib/armv7e-m\librt.a(__arm_eabi_init.o)
                                0x1ac (size before relaxing)

.comment        0x00000000       0x79
 .comment       0x00000000       0x79 ..\main.o
                                 0x7a (size before relaxing)
 .comment       0x00000000       0x7a Startup\__arm_start.o
 .comment       0x00000000       0x7a Startup\__arm_end.o
 .comment       0x00000000       0x7a Startup\kinetis_sysinit.o
 .comment       0x00000000       0x7a Libraries\FEHMotor.o
 .comment       0x00000000       0x7a Drivers\i2c.o
 .comment       0x00000000       0x7a Drivers\spi.o
 .comment       0x00000000       0x7a Drivers\uart.o
 .comment       0x00000000       0x7a Drivers\ff.o
 .comment       0x00000000       0x7a Drivers\SDHC.o
 .comment       0x00000000       0x7a Drivers\lptmr.o
 .comment       0x00000000       0x7a FEHProteus.o
 .comment       0x00000000       0x7a Drivers\FEHPropeller.o
 .comment       0x00000000       0x7a Libraries\FEHUtility.o
 .comment       0x00000000       0x7a Libraries\FEHIO.o
 .comment       0x00000000       0x7a Drivers\adc16.o
 .comment       0x00000000       0x7a Libraries\FEHBuzzer.o
 .comment       0x00000000       0x7a Libraries\FEHServo.o
 .comment       0x00000000       0x7a Libraries\FEHLCD.o
 .comment       0x00000000       0x7a Libraries\FEHAccel.o
 .comment       0x00000000       0x7a Libraries\FEHBattery.o
 .comment       0x00000000       0x7a Drivers\FEHXBee.o
 .comment       0x00000000       0x7a Libraries\FEHRPS.o
 .comment       0x00000000       0x7a Libraries\FEHSD.o
 .comment       0x00000000       0x7a C:\fehqt\Proteus/EWL/lib/armv7e-m\libc.a(exit.o)
 .comment       0x00000000       0x7a C:\fehqt\Proteus/EWL/lib/armv7e-m\libc.a(memset.o)
 .comment       0x00000000       0x7a C:\fehqt\Proteus/EWL/lib/armv7e-m\libc.a(strlen.o)
 .comment       0x00000000       0x7a C:\fehqt\Proteus/EWL/lib/armv7e-m\libc.a(printformat_.o)
 .comment       0x00000000       0x7a C:\fehqt\Proteus/EWL/lib/armv7e-m\libc.a(scanformat_.o)
 .comment       0x00000000       0x7a C:\fehqt\Proteus/EWL/lib/armv7e-m\libc.a(ctype_aeabi.o)
 .comment       0x00000000       0x7a C:\fehqt\Proteus/EWL/lib/armv7e-m\libc.a(__strtoul.o)
 .comment       0x00000000       0x7a C:\fehqt\Proteus/EWL/lib/armv7e-m\libc.a(__filll_mem.o)
 .comment       0x00000000       0x7a C:\fehqt\Proteus/EWL/lib/armv7e-m\libc.a(memchr.o)
 .comment       0x00000000       0x7a C:\fehqt\Proteus/EWL/lib/armv7e-m\libc.a(strchr.o)
 .comment       0x00000000       0x7a C:\fehqt\Proteus/EWL/lib/armv7e-m\librt.a(gcc_ctor_dtor.o)
 .comment       0x00000000       0x7a C:\fehqt\Proteus/EWL/lib/armv7e-m\librt.a(ROMCopy.o)
 .comment       0x00000000       0x7a C:\fehqt\Proteus/EWL/lib/armv7e-m\librt.a(__arm_eabi_init.o)

.debug_frame    0x00000000     0x2acc
 .debug_frame   0x00000000      0x148 ..\main.o
 .debug_frame   0x00000148       0x98 Startup\__arm_start.o
 .debug_frame   0x000001e0       0x2c Startup\__arm_end.o
 .debug_frame   0x0000020c       0x5c Startup\kinetis_sysinit.o
 .debug_frame   0x00000268       0x94 Libraries\FEHMotor.o
 .debug_frame   0x000002fc       0x88 Drivers\i2c.o
 .debug_frame   0x00000384       0xf8 Drivers\spi.o
 .debug_frame   0x0000047c       0x84 Drivers\uart.o
 .debug_frame   0x00000500      0x5e8 Drivers\ff.o
 .debug_frame   0x00000ae8      0x1e8 Drivers\SDHC.o
 .debug_frame   0x00000cd0       0x2c Drivers\lptmr.o
 .debug_frame   0x00000cfc       0x4c FEHProteus.o
 .debug_frame   0x00000d48       0xa8 Drivers\FEHPropeller.o
 .debug_frame   0x00000df0       0xf8 Libraries\FEHUtility.o
 .debug_frame   0x00000ee8      0x4e8 Libraries\FEHIO.o
 .debug_frame   0x000013d0       0x64 Drivers\adc16.o
 .debug_frame   0x00001434      0x1c8 Libraries\FEHBuzzer.o
 .debug_frame   0x000015fc      0x12c Libraries\FEHServo.o
 .debug_frame   0x00001728      0x9c0 Libraries\FEHLCD.o
 .debug_frame   0x000020e8       0xd8 Libraries\FEHAccel.o
 .debug_frame   0x000021c0       0x8c Libraries\FEHBattery.o
 .debug_frame   0x0000224c       0xfc Drivers\FEHXBee.o
 .debug_frame   0x00002348      0x230 Libraries\FEHRPS.o
 .debug_frame   0x00002578      0x168 Libraries\FEHSD.o
 .debug_frame   0x000026e0       0x28 C:\fehqt\Proteus/EWL/lib/armv7e-m\libc.a(exit.o)
 .debug_frame   0x00002708       0x28 C:\fehqt\Proteus/EWL/lib/armv7e-m\libc.a(memset.o)
 .debug_frame   0x00002730       0x20 C:\fehqt\Proteus/EWL/lib/armv7e-m\libc.a(strlen.o)
 .debug_frame   0x00002750       0x64 C:\fehqt\Proteus/EWL/lib/armv7e-m\libc.a(printformat_.o)
 .debug_frame   0x000027b4       0x3c C:\fehqt\Proteus/EWL/lib/armv7e-m\libc.a(scanformat_.o)
 .debug_frame   0x000027f0       0xf0 C:\fehqt\Proteus/EWL/lib/armv7e-m\libc.a(ctype_aeabi.o)
 .debug_frame   0x000028e0       0x3c C:\fehqt\Proteus/EWL/lib/armv7e-m\libc.a(__strtoul.o)
 .debug_frame   0x0000291c       0x2c C:\fehqt\Proteus/EWL/lib/armv7e-m\libc.a(__filll_mem.o)
 .debug_frame   0x00002948       0x28 C:\fehqt\Proteus/EWL/lib/armv7e-m\libc.a(memchr.o)
 .debug_frame   0x00002970       0x20 C:\fehqt\Proteus/EWL/lib/armv7e-m\libc.a(strchr.o)
 .debug_frame   0x00002990       0x48 C:\fehqt\Proteus/EWL/lib/armv7e-m\librt.a(gcc_ctor_dtor.o)
 .debug_frame   0x000029d8       0x48 C:\fehqt\Proteus/EWL/lib/armv7e-m\librt.a(ROMCopy.o)
 .debug_frame   0x00002a20       0xac C:\fehqt\Proteus/EWL/lib/armv7e-m\librt.a(__arm_eabi_init.o)
